28
head: cannot open 'parameters_mod.txt' for reading: No such file or directory
head: cannot open 'parameters_mod.txt' for reading: No such file or directory
head: cannot open 'parameters_mod.txt' for reading: No such file or directory
head: cannot open 'parameters_mod.txt' for reading: No such file or directory
head: cannot open 'parameters_mod.txt' for reading: No such file or directory
head: cannot open 'parameters_mod.txt' for reading: No such file or directory
head: cannot open 'parameters_mod.txt' for reading: No such file or directory
head: cannot open 'parameters_mod.txt' for reading: No such file or directory
SCR: /users/ahauser6/causes-of-deaths/cluster/temp-run_mod4-20241212--------
OUT: /users/ahauser6/causes-of-deaths/cluster/outfiles/run_mod4-20241212--------.Rout
Job array item 28: ra=, rb=, rc=, rd=, re=, rf=, rg=, rh=
---------------------------------
/var/spool/slurm/d/job48898474/slurm_script: line 48: dcsrsoft: command not found
shell_init: error retrieving current directory: getcwd: cannot access parent directories: No such file or directory
---------------------------------
WARNING: can't determine current working directory: getwd: no such file or directory
WARNING: can't determine current working directory
WARNING: group: unknown groupid 160167
---------------------------------
cp: cannot stat 'run_mod4.Rout': Not a directory
rm: cannot remove 'run_mod4.Rout': Not a directory
Job is done.
