36
head: cannot open 'parameters_mod.txt' for reading: No such file or directory
head: cannot open 'parameters_mod.txt' for reading: No such file or directory
head: cannot open 'parameters_mod.txt' for reading: No such file or directory
head: cannot open 'parameters_mod.txt' for reading: No such file or directory
head: cannot open 'parameters_mod.txt' for reading: No such file or directory
head: cannot open 'parameters_mod.txt' for reading: No such file or directory
head: cannot open 'parameters_mod.txt' for reading: No such file or directory
head: cannot open 'parameters_mod.txt' for reading: No such file or directory
SCR: /users/ahauser6/causes-of-deaths/cluster/temp-run_mod4-20241212--------
OUT: /users/ahauser6/causes-of-deaths/cluster/outfiles/run_mod4-20241212--------.Rout
Job array item 36: ra=, rb=, rc=, rd=, re=, rf=, rg=, rh=
---------------------------------
/var/spool/slurm/d/job48898482/slurm_script: line 48: dcsrsoft: command not found
---------------------------------
WARNING: group: unknown groupid 160167
shell-init: error retrieving current directory: getcwd: cannot access parent directories: No such file or directory
sh: 0: getcwd() failed: No such file or directory
sh: 0: getcwd() failed: No such file or directory
/opt/R-4.4.1/lib/R/bin/BATCH: 60: cannot create run_mod4.Rout: Directory nonexistent
---------------------------------
cp: cannot stat 'run_mod4.Rout': Not a directory
rm: cannot remove 'run_mod4.Rout': Not a directory
Job is done.
