22
head: cannot open 'parameters_mod.txt' for reading: No such file or directory
head: cannot open 'parameters_mod.txt' for reading: No such file or directory
head: cannot open 'parameters_mod.txt' for reading: No such file or directory
head: cannot open 'parameters_mod.txt' for reading: No such file or directory
head: cannot open 'parameters_mod.txt' for reading: No such file or directory
head: cannot open 'parameters_mod.txt' for reading: No such file or directory
head: cannot open 'parameters_mod.txt' for reading: No such file or directory
head: cannot open 'parameters_mod.txt' for reading: No such file or directory
SCR: /users/ahauser6/causes-of-deaths/cluster/temp-run_mod4-20241212--------
OUT: /users/ahauser6/causes-of-deaths/cluster/outfiles/run_mod4-20241212--------.Rout
Job array item 22: ra=, rb=, rc=, rd=, re=, rf=, rg=, rh=
---------------------------------
/dcsrsoft/spack/20240303/spack/opt/spack/linux-rhel8-zen2/gcc-11.4.0/lua-5.4.4-jj5pm64njqo5zjpsqwuo2zfyjyviadw5/bin/lua: ...gx35e4ix5zvskzr24/lmod/lmod/libexec/../tools/fileOps.lua:360: bad argument #1 to 'chdir' (string expected, got nil)
stack traceback:
	[C]: in function 'lfs.chdir'
	...gx35e4ix5zvskzr24/lmod/lmod/libexec/../tools/fileOps.lua:360: in function 'abspath'
	...ut2hitoxjiogx35e4ix5zvskzr24/lmod/lmod/libexec/utils.lua:1173: in function 'locatePkg'
	...ut2hitoxjiogx35e4ix5zvskzr24/lmod/lmod/libexec/utils.lua:1098: in function 'initialize_lmod'
	...-q77zut2hitoxjiogx35e4ix5zvskzr24/lmod/lmod/libexec/lmod:361: in function 'main'
	...-q77zut2hitoxjiogx35e4ix5zvskzr24/lmod/lmod/libexec/lmod:585: in main chunk
	[C]: in ?
/var/spool/slurm/d/job48898468/slurm_script: line 48: dcsrsoft: command not found
/dcsrsoft/spack/20240303/spack/opt/spack/linux-rhel8-zen2/gcc-11.4.0/lua-5.4.4-jj5pm64njqo5zjpsqwuo2zfyjyviadw5/bin/lua: ...gx35e4ix5zvskzr24/lmod/lmod/libexec/../tools/fileOps.lua:360: bad argument #1 to 'chdir' (string expected, got nil)
stack traceback:
	[C]: in function 'lfs.chdir'
	...gx35e4ix5zvskzr24/lmod/lmod/libexec/../tools/fileOps.lua:360: in function 'abspath'
	...ut2hitoxjiogx35e4ix5zvskzr24/lmod/lmod/libexec/utils.lua:1173: in function 'locatePkg'
	...ut2hitoxjiogx35e4ix5zvskzr24/lmod/lmod/libexec/utils.lua:1098: in function 'initialize_lmod'
	...-q77zut2hitoxjiogx35e4ix5zvskzr24/lmod/lmod/libexec/lmod:361: in function 'main'
	...-q77zut2hitoxjiogx35e4ix5zvskzr24/lmod/lmod/libexec/lmod:585: in main chunk
	[C]: in ?
---------------------------------
/var/spool/slurm/d/job48898468/slurm_script: line 55: R: command not found
---------------------------------
cp: cannot stat 'run_mod4.Rout': No such file or directory
rm: cannot remove 'run_mod4.Rout': No such file or directory
Job is done.
